// Jest Snapshot v1, https://goo.gl/fbAQLP

exports[`HomePage component should render 1`] = `
<main>
  <div
    className="home-banner"
  >
    <div
      className="column medium-offset-3 medium-6 text-center"
    >
      <h5>
        Search for a mapping:
      </h5>
      <form
        className="input-group"
        onSubmit={[Function]}
      >
        <input
          className="input-group-field"
          placeholder="ENST00000620613, A7E2Y1, ..."
          type="text"
        />
        <div
          className="input-group-button"
        >
          <button
            className="button"
            type="submit"
          >
            Submit
          </button>
        </div>
      </form>
      <div
        className="home-banner__actions"
      >
        <button
          className="button"
          onClick={undefined}
        >
          Explore Mappings
        </button>
      </div>
    </div>
  </div>
</main>
`;
